// Jest Snapshot v1, https://goo.gl/fbAQLP

exports[`Uniswap UX Tests gas: Approvals Cost for infinite approval of permit2/swaprouter02 contract 1`] = `
Object {
  "calldataByteLength": 68,
  "gasUsed": 60311,
}
`;

exports[`Uniswap UX Tests gas: Comparisons Casual Swapper - 3 swaps Permit2 Max Approval Swap 1`] = `1175550`;

exports[`Uniswap UX Tests gas: Comparisons Casual Swapper - 3 swaps Permit2 Sign Per Swap 1`] = `1211820`;

exports[`Uniswap UX Tests gas: Comparisons Casual Swapper - 3 swaps SwapRouter02 1`] = `1172945`;

exports[`Uniswap UX Tests gas: Comparisons Frequent Swapper - 10 swaps Permit2 Max Approval Swap 1`] = `3276129`;

exports[`Uniswap UX Tests gas: Comparisons Frequent Swapper - 10 swaps Permit2 Sign Per Swap 1`] = `3438045`;

exports[`Uniswap UX Tests gas: Comparisons Frequent Swapper - 10 swaps SwapRouter02 1`] = `278117`;

exports[`Uniswap UX Tests gas: Comparisons Frequent Swapper across 3 swap router versions - 15 swaps across 3 versions Permit2 Max Approval Swap 1`] = `4377594`;

exports[`Uniswap UX Tests gas: Comparisons Frequent Swapper across 3 swap router versions - 15 swaps across 3 versions Permit2 Sign Per Swap 1`] = `4592692`;

exports[`Uniswap UX Tests gas: Comparisons Frequent Swapper across 3 swap router versions - 15 swaps across 3 versions SwapRouter02 1`] = `4470036`;

exports[`Uniswap UX Tests gas: Comparisons One Time Swapper - Complex Swap Permit2 Max Approval Swap 1`] = `538982`;

exports[`Uniswap UX Tests gas: Comparisons One Time Swapper - Complex Swap Permit2 Sign Per Swap 1`] = `539300`;

exports[`Uniswap UX Tests gas: Comparisons One Time Swapper - Complex Swap SwapRouter02 1`] = `520492`;

exports[`Uniswap UX Tests gas: Comparisons One Time Swapper - Simple Swap Permit2 Max Approval Swap 1`] = `313617`;

exports[`Uniswap UX Tests gas: Comparisons One Time Swapper - Simple Swap Permit2 Sign Per Swap 1`] = `313553`;

exports[`Uniswap UX Tests gas: Comparisons One Time Swapper - Simple Swap SwapRouter02 1`] = `278117`;
